GAMS 53.5.0  5dc151ca May 5, 2026           WEX-WEI x86 64bit/MS Windows - 05/19/26 11:32:17 Page 1
Scenario A - Full Grid EV Charging
C o m p i l a t i o n


   2   
INCLUDE    D:\Users\tarik\OneDrive\Desktop\Bitirme_Calismasi\Veri setleri\scenario_common_24.gms
   4  SETS
   5     t  Hours / 1*24 /;
   6   
   7  PARAMETERS
   8     price_grid(t)
   9     price_solar(t)
  10     price_wind(t)
  11     solar_cap(t)
  12     wind_cap(t)
  13     home(t)
  14     drive_consumption(t)
  15     load_house(t);
  16   
  17  SCALARS
  18     daily_ev_need      / 8.8040 /
  19     ev_charge_max      / 2.3000 /
  20     SoE_ini            / 20 /
  21     SoE_min            / 10 /
  22     SoE_max            / 88.5 /
  23     CE_EV              / 0.95 /
  24     SoE_batt_ini       / 0 /
  25     battery_capacity   / 10 /
  26     batt_charge_max    / 2.3 /
  27     batt_discharge_max / 2.3 /
  28     CE_batt            / 0.95 /
  29     away_hours;
  30   
  31  price_grid('1')  = 2.50;  price_solar('1') = 0.20; price_wind('1') = 0.50; solar_cap('1') = 0.00; wind_cap('1') = 1.49; load_house('1') = 2.55014; home('1') = 1;
  32  price_grid('2')  = 2.50;  price_solar('2') = 0.20; price_wind('2') = 0.50; solar_cap('2') = 0.00; wind_cap('2') = 1.18; load_house('2') = 2.52340; home('2') = 1;
  33  price_grid('3')  = 2.50;  price_solar('3') = 0.20; price_wind('3') = 0.50; solar_cap('3') = 0.00; wind_cap('3') = 0.93; load_house('3') = 2.58233; home('3') = 1;
  34  price_grid('4')  = 2.50;  price_solar('4') = 0.20; price_wind('4') = 0.50; solar_cap('4') = 0.00; wind_cap('4') = 0.72; load_house('4') = 2.54167; home('4') = 1;
  35  price_grid('5')  = 2.50;  price_solar('5') = 0.20; price_wind('5') = 0.50; solar_cap('5') = 0.00; wind_cap('5') = 0.75; load_house('5') = 2.47573; home('5') = 1;
  36  price_grid('6')  = 2.50;  price_solar('6') = 0.20; price_wind('6') = 0.50; solar_cap('6') = 0.0101; wind_cap('6') = 1.02; load_house('6') = 2.47623; home('6') = 1;
  37  price_grid('7')  = 2.50;  price_solar('7') = 0.20; price_wind('7') = 0.50; solar_cap('7') = 0.2018; wind_cap('7') = 1.35; load_house('7') = 2.45580; home('7') = 1;
  38  price_grid('8')  = 3.30;  price_solar('8') = 0.20; price_wind('8') = 0.50; solar_cap('8') = 0.4779; wind_cap('8') = 1.74; load_house('8') = 2.44720; home('8') = 0;
  39  price_grid('9')  = 3.30;  price_solar('9') = 0.20; price_wind('9') = 0.50; solar_cap('9') = 0.7000; wind_cap('9') = 2.15; load_house('9') = 2.44173; home('9') = 0;
  40  price_grid('10') = 3.30;  price_solar('10')= 0.20; price_wind('10')= 0.50; solar_cap('10')= 0.8466; wind_cap('10')= 2.38; load_house('10')= 3.14613; home('10')= 0;
  41  price_grid('11') = 3.30;  price_solar('11')= 0.20; price_wind('11')= 0.50; solar_cap('11')= 0.8558; wind_cap('11')= 2.44; load_house('11')= 2.66173; home('11')= 0;
  42  price_grid('12') = 3.30;  price_solar('12')= 0.20; price_wind('12')= 0.50; solar_cap('12')= 0.7670; wind_cap('12')= 2.33; load_house('12')= 2.57600; home('12')= 0;
  43  price_grid('13') = 3.30;  price_solar('13')= 0.20; price_wind('13')= 0.50; solar_cap('13')= 0.5687; wind_cap('13')= 2.06; load_house('13')= 2.61587; home('13')= 0;
  44  price_grid('14') = 3.30;  price_solar('14')= 0.20; price_wind('14')= 0.50; solar_cap('14')= 0.2649; wind_cap('14')= 1.56; load_house('14')= 2.16240; home('14')= 0;
  45  price_grid('15') = 3.30;  price_solar('15')= 0.20; price_wind('15')= 0.50; solar_cap('15')= 0.0417; wind_cap('15')= 1.19; load_house('15')= 1.29440; home('15')= 0;
  46  price_grid('16') = 3.30;  price_solar('16')= 0.20; price_wind('16')= 0.50; solar_cap('16')= 0.00; wind_cap('16')= 1.00; load_house('16')= 1.90917; home('16')= 0;
  47  price_grid('17') = 3.30;  price_solar('17')= 0.20; price_wind('17')= 0.50; solar_cap('17')= 0.00; wind_cap('17')= 0.94; load_house('17')= 1.39010; home('17')= 0;
  48  price_grid('18') = 3.30;  price_solar('18')= 0.20; price_wind('18')= 0.50; solar_cap('18')= 0.00; wind_cap('18')= 1.14; load_house('18')= 1.63207; home('18')= 0;
  49  price_grid('19') = 5.00;  price_solar('19')= 0.20; price_wind('19')= 0.50; solar_cap('19')= 0.00; wind_cap('19')= 1.56; load_house('19')= 1.46190; home('19') = 1;
  50  price_grid('20') = 5.00;  price_solar('20')= 0.20; price_wind('20')= 0.50; solar_cap('20')= 0.00; wind_cap('20')= 2.13; load_house('20')= 0.73230; home('20') = 1;
  51  price_grid('21') = 5.00;  price_solar('21')= 0.20; price_wind('21')= 0.50; solar_cap('21')= 0.00; wind_cap('21')= 2.66; load_house('21')= 0.41230; home('21') = 1;
  52  price_grid('22') = 5.00;  price_solar('22')= 0.20; price_wind('22')= 0.50; solar_cap('22')= 0.00; wind_cap('22')= 3.03; load_house('22')= 0.43393; home('22') = 1;
  53  price_grid('23') = 5.00;  price_solar('23')= 0.20; price_wind('23')= 0.50; solar_cap('23')= 0.00; wind_cap('23')= 3.32; load_house('23')= 0.44373; home('23') = 1;
  54  price_grid('24') = 2.50;  price_solar('24')= 0.20; price_wind('24')= 0.50; solar_cap('24')= 0.00; wind_cap('24')= 3.54; load_house('24')= 0.44997; home('24') = 1;
  55   
  56  drive_consumption(t) = 0;
  57  away_hours = SUM(t$(home(t) = 0), 1);
  58  drive_consumption(t)$(home(t) = 0 AND away_hours > 0) = daily_ev_need / away_hours;
  59   
  60  VARIABLES
  61     Pgrid(t)
  62     P_ev(t)
  63     total_cost;
  64   
  65  POSITIVE VARIABLES Pgrid, P_ev;
  66   
  67  EQUATIONS
  68     cost_def
  69     power_balance(t)
  70     ev_charge_limit(t)
  71     ev_charge_need;
  72   
  73  cost_def..          total_cost =E= SUM(t, price_grid(t) * Pgrid(t));
  74  power_balance(t)..  Pgrid(t) =E= load_house(t) + P_ev(t);
  75  ev_charge_limit(t).. P_ev(t) =L= ev_charge_max;
  76  ev_charge_need..    SUM(t, P_ev(t) * CE_EV) =G= daily_ev_need;
  77   
  78  MODEL scenario_a_full_grid /ALL/;
  79  SOLVE scenario_a_full_grid MINIMIZING total_cost USING LP;
  80   
  81  DISPLAY total_cost.l, Pgrid.l, P_ev.l;
GAMS 53.5.0  5dc151ca May 5, 2026           WEX-WEI x86 64bit/MS Windows - 05/19/26 11:32:17 Page 2
Scenario A - Full Grid EV Charging
Include File Summary


   SEQ   GLOBAL TYPE      PARENT   LOCAL  INCLVL  FILENAME

     1        1 INPUT          0       0       0  D:\Users\tarik\OneDrive\Desktop\Bitirme_Calismasi\scenario_a_full_grid.gms
     2        3 INCLUDE        1       3       1  D:\Users\tarik\OneDrive\Desktop\Bitirme_Calismasi\Veri setleri\scenario_common_24.gms


COMPILATION TIME     =        0.016 SECONDS      3 MB  53.5.0 5dc151ca WEX-WEI
GAMS 53.5.0  5dc151ca May 5, 2026           WEX-WEI x86 64bit/MS Windows - 05/19/26 11:32:17 Page 3
Scenario A - Full Grid EV Charging
Equation Listing    SOLVE scenario_a_full_grid Using LP From line 79


---- cost_def  =E=  

cost_def..  - 2.5*Pgrid(1) - 2.5*Pgrid(2) - 2.5*Pgrid(3) - 2.5*Pgrid(4) - 2.5*Pgrid(5) - 2.5*Pgrid(6) - 2.5*Pgrid(7) - 3.3*Pgrid(8) - 3.3*Pgrid(9) - 3.3*Pgrid(10) - 3.3*Pgrid(11) - 3.3*Pgrid(12) - 3.3*Pgrid(13) - 3.3*Pgrid(14) - 3.3*Pgrid(15) - 3.3*Pgrid(16) - 3.3*Pgrid(17) - 3.3*Pgrid(18) - 5*Pgrid(19) - 5*Pgrid(20) - 5*Pgrid(21) - 5*Pgrid(22) - 5*Pgrid(23) - 2.5*Pgrid(24) + total_cost =E= 0 ; (LHS = 0)
     

---- power_balance  =E=  

power_balance(1)..  Pgrid(1) - P_ev(1) =E= 2.55014 ; (LHS = 0, INFES = 2.55014 ****)
     
power_balance(2)..  Pgrid(2) - P_ev(2) =E= 2.5234 ; (LHS = 0, INFES = 2.5234 ****)
     
power_balance(3)..  Pgrid(3) - P_ev(3) =E= 2.58233 ; (LHS = 0, INFES = 2.58233 ****)
     
REMAINING 21 ENTRIES SKIPPED


---- ev_charge_limit  =L=  

ev_charge_limit(1)..  P_ev(1) =L= 2.3 ; (LHS = 0)
     
ev_charge_limit(2)..  P_ev(2) =L= 2.3 ; (LHS = 0)
     
ev_charge_limit(3)..  P_ev(3) =L= 2.3 ; (LHS = 0)
     
REMAINING 21 ENTRIES SKIPPED


---- ev_charge_need  =G=  

ev_charge_need..  0.95*P_ev(1) + 0.95*P_ev(2) + 0.95*P_ev(3) + 0.95*P_ev(4) + 0.95*P_ev(5) + 0.95*P_ev(6) + 0.95*P_ev(7) + 0.95*P_ev(8) + 0.95*P_ev(9) + 0.95*P_ev(10) + 0.95*P_ev(11) + 0.95*P_ev(12) + 0.95*P_ev(13) + 0.95*P_ev(14) + 0.95*P_ev(15) + 0.95*P_ev(16) + 0.95*P_ev(17) + 0.95*P_ev(18) + 0.95*P_ev(19) + 0.95*P_ev(20) + 0.95*P_ev(21) + 0.95*P_ev(22) + 0.95*P_ev(23) + 0.95*P_ev(24) =G= 8.804 ; (LHS = 0, INFES = 8.804 ****)
     
GAMS 53.5.0  5dc151ca May 5, 2026           WEX-WEI x86 64bit/MS Windows - 05/19/26 11:32:17 Page 4
Scenario A - Full Grid EV Charging
Column Listing      SOLVE scenario_a_full_grid Using LP From line 79


---- Pgrid  

Pgrid(1)
                (.LO, .L, .UP, .M = 0, 0, +INF, 0)
       -2.5     cost_def
        1       power_balance(1)

Pgrid(2)
                (.LO, .L, .UP, .M = 0, 0, +INF, 0)
       -2.5     cost_def
        1       power_balance(2)

Pgrid(3)
                (.LO, .L, .UP, .M = 0, 0, +INF, 0)
       -2.5     cost_def
        1       power_balance(3)

REMAINING 21 ENTRIES SKIPPED

---- P_ev  

P_ev(1)
                (.LO, .L, .UP, .M = 0, 0, +INF, 0)
       -1       power_balance(1)
        1       ev_charge_limit(1)
        0.95    ev_charge_need

P_ev(2)
                (.LO, .L, .UP, .M = 0, 0, +INF, 0)
       -1       power_balance(2)
        1       ev_charge_limit(2)
        0.95    ev_charge_need

P_ev(3)
                (.LO, .L, .UP, .M = 0, 0, +INF, 0)
       -1       power_balance(3)
        1       ev_charge_limit(3)
        0.95    ev_charge_need

REMAINING 21 ENTRIES SKIPPED

---- total_cost  

total_cost
                (.LO, .L, .UP, .M = -INF, 0, +INF, 0)
        1       cost_def

GAMS 53.5.0  5dc151ca May 5, 2026           WEX-WEI x86 64bit/MS Windows - 05/19/26 11:32:17 Page 5
Scenario A - Full Grid EV Charging
Range Statistics    SOLVE scenario_a_full_grid Using LP From line 79


RANGE STATISTICS (ABSOLUTE NON-ZERO FINITE VALUES)

RHS       [min, max] : [ 4.123E-01, 8.804E+00] - Zero values observed as well
Bound     [min, max] : [        NA,        NA] - Zero values observed as well
Matrix    [min, max] : [ 9.500E-01, 5.000E+00]

GAMS 53.5.0  5dc151ca May 5, 2026           WEX-WEI x86 64bit/MS Windows - 05/19/26 11:32:17 Page 6
Scenario A - Full Grid EV Charging
Model Statistics    SOLVE scenario_a_full_grid Using LP From line 79


MODEL STATISTICS

BLOCKS OF EQUATIONS           4     SINGLE EQUATIONS           50
BLOCKS OF VARIABLES           3     SINGLE VARIABLES           49
NON ZERO ELEMENTS           121


GENERATION TIME      =        0.000 SECONDS      4 MB  53.5.0 5dc151ca WEX-WEI
GAMS 53.5.0  5dc151ca May 5, 2026           WEX-WEI x86 64bit/MS Windows - 05/19/26 11:32:17 Page 7
Scenario A - Full Grid EV Charging
Solution Report     SOLVE scenario_a_full_grid Using LP From line 79


               S O L V E      S U M M A R Y

     MODEL   scenario_a_full_grid   OBJECTIVE  total_cost
     TYPE    LP                     DIRECTION  MINIMIZE
     SOLVER  CPLEX                  FROM LINE  79

**** SOLVER STATUS     1 Normal Completion
**** MODEL STATUS      1 Optimal
**** OBJECTIVE VALUE              165.8408

 RESOURCE USAGE, LIMIT          0.000 10000000000.000
 ITERATION COUNT, LIMIT         1    2147483647
*** This solver runs with a demo license. No commercial use.
--- GMO setup time: 0.00s
--- GMO memory 0.51 Mb (peak 0.51 Mb)
--- Dictionary memory 0.00 Mb
--- Cplex 22.1.2.0 link memory 0.00 Mb (peak 0.01 Mb)
--- Starting Cplex


--- LP status (1): optimal.
--- Cplex Time: 0.00sec (det. 0.04 ticks)


Optimal solution found
Objective:          165.840836


                           LOWER          LEVEL          UPPER         MARGINAL

---- EQU cost_def            .              .              .             1.0000      

---- EQU power_balance  

          LOWER          LEVEL          UPPER         MARGINAL

1          2.5501         2.5501         2.5501         2.5000      
2          2.5234         2.5234         2.5234         2.5000      
3          2.5823         2.5823         2.5823         2.5000      
4          2.5417         2.5417         2.5417         2.5000      
5          2.4757         2.4757         2.4757         2.5000      
6          2.4762         2.4762         2.4762         2.5000      
7          2.4558         2.4558         2.4558         2.5000      
8          2.4472         2.4472         2.4472         3.3000      
9          2.4417         2.4417         2.4417         3.3000      
10         3.1461         3.1461         3.1461         3.3000      
11         2.6617         2.6617         2.6617         3.3000      
12         2.5760         2.5760         2.5760         3.3000      
13         2.6159         2.6159         2.6159         3.3000      
14         2.1624         2.1624         2.1624         3.3000      
15         1.2944         1.2944         1.2944         3.3000      
16         1.9092         1.9092         1.9092         3.3000      
17         1.3901         1.3901         1.3901         3.3000      
18         1.6321         1.6321         1.6321         3.3000      
19         1.4619         1.4619         1.4619         5.0000      
20         0.7323         0.7323         0.7323         5.0000      
21         0.4123         0.4123         0.4123         5.0000      
22         0.4339         0.4339         0.4339         5.0000      
23         0.4437         0.4437         0.4437         5.0000      
24         0.4500         0.4500         0.4500         2.5000      

---- EQU ev_charge_limit  

          LOWER          LEVEL          UPPER         MARGINAL

1         -INF            2.3000         2.3000   4.440892E-16      
2         -INF            2.3000         2.3000   4.440892E-16      
3         -INF            2.3000         2.3000   4.440892E-16      
4         -INF            2.3000         2.3000   4.440892E-16      
5         -INF            0.0674         2.3000          .          
6         -INF             .             2.3000          .          
7         -INF             .             2.3000          .          
8         -INF             .             2.3000          .          
9         -INF             .             2.3000          .          
10        -INF             .             2.3000          .          
11        -INF             .             2.3000          .          
12        -INF             .             2.3000          .          
13        -INF             .             2.3000          .          
14        -INF             .             2.3000          .          
15        -INF             .             2.3000          .          
16        -INF             .             2.3000          .          
17        -INF             .             2.3000          .          
18        -INF             .             2.3000          .          
19        -INF             .             2.3000          .          
20        -INF             .             2.3000          .          
21        -INF             .             2.3000          .          
22        -INF             .             2.3000          .          
23        -INF             .             2.3000          .          
24        -INF             .             2.3000          .          

                           LOWER          LEVEL          UPPER         MARGINAL

---- EQU ev_charge~         8.8040         8.8040        +INF            2.6316      

---- VAR Pgrid  

          LOWER          LEVEL          UPPER         MARGINAL

1           .             4.8501        +INF             .          
2           .             4.8234        +INF             .          
3           .             4.8823        +INF             .          
4           .             4.8417        +INF             .          
5           .             2.5431        +INF             .          
6           .             2.4762        +INF             .          
7           .             2.4558        +INF             .          
8           .             2.4472        +INF             .          
9           .             2.4417        +INF             .          
10          .             3.1461        +INF             .          
11          .             2.6617        +INF             .          
12          .             2.5760        +INF             .          
13          .             2.6159        +INF             .          
14          .             2.1624        +INF             .          
15          .             1.2944        +INF             .          
16          .             1.9092        +INF             .          
17          .             1.3901        +INF             .          
18          .             1.6321        +INF             .          
19          .             1.4619        +INF             .          
20          .             0.7323        +INF             .          
21          .             0.4123        +INF             .          
22          .             0.4339        +INF             .          
23          .             0.4437        +INF             .          
24          .             0.4500        +INF             .          

---- VAR P_ev  

          LOWER          LEVEL          UPPER         MARGINAL

1           .             2.3000        +INF             .          
2           .             2.3000        +INF             .          
3           .             2.3000        +INF             .          
4           .             2.3000        +INF             .          
5           .             0.0674        +INF             .          
6           .              .            +INF      4.440892E-16      
7           .              .            +INF      4.440892E-16      
8           .              .            +INF            0.8000      
9           .              .            +INF            0.8000      
10          .              .            +INF            0.8000      
11          .              .            +INF            0.8000      
12          .              .            +INF            0.8000      
13          .              .            +INF            0.8000      
14          .              .            +INF            0.8000      
15          .              .            +INF            0.8000      
16          .              .            +INF            0.8000      
17          .              .            +INF            0.8000      
18          .              .            +INF            0.8000      
19          .              .            +INF            2.5000      
20          .              .            +INF            2.5000      
21          .              .            +INF            2.5000      
22          .              .            +INF            2.5000      
23          .              .            +INF            2.5000      
24          .              .            +INF      4.440892E-16      

                           LOWER          LEVEL          UPPER         MARGINAL

---- VAR total_cost        -INF          165.8408        +INF             .          


**** REPORT SUMMARY :        0     NONOPT
                             0 INFEASIBLE
                             0  UNBOUNDED
GAMS 53.5.0  5dc151ca May 5, 2026           WEX-WEI x86 64bit/MS Windows - 05/19/26 11:32:17 Page 8
Scenario A - Full Grid EV Charging
E x e c u t i o n


----     81 VARIABLE total_cost.L          =      165.841  

----     81 VARIABLE Pgrid.L  

1  4.850,    2  4.823,    3  4.882,    4  4.842,    5  2.543,    6  2.476,    7  2.456,    8  2.447,    9  2.442,    10 3.146,    11 2.662,    12 2.576,    13 2.616,    14 2.162,    15 1.294,    16 1.909,    17 1.390,    18 1.632,    19 1.462,    20 0.732,    21 0.412,    22 0.434,    23 0.444,    24 0.450


----     81 VARIABLE P_ev.L  

1 2.300,    2 2.300,    3 2.300,    4 2.300,    5 0.067



EXECUTION TIME       =        0.078 SECONDS      4 MB  53.5.0 5dc151ca WEX-WEI


USER: GAMS Demo, for EULA and demo limitations see   G260130+0003Cc-GEN
      https://www.gams.com/latest/docs/UG%5FLicense.html         DC0000


**** FILE SUMMARY

Input      D:\Users\tarik\OneDrive\Desktop\Bitirme_Calismasi\scenario_a_full_grid.gms
Output     D:\Users\tarik\OneDrive\Desktop\Bitirme_Calismasi\scenario_a_full_grid.lst
