--- Job scenario_b_hybrid_grid.gms Start 05/19/26 11:32:17 53.5.0 5dc151ca WEX-WEI x86 64bit/MS Windows
--- Applying:
    D:\GAMS\53\gmsprmNT.txt
--- GAMS Parameters defined
    Input D:\Users\tarik\OneDrive\Desktop\Bitirme_Calismasi\scenario_b_hybrid_grid.gms
    ScrDir D:\Users\tarik\OneDrive\Desktop\Bitirme_Calismasi\225a\
    SysDir D:\GAMS\53\
    LogOption 2
    LogFile D:\Users\tarik\OneDrive\Desktop\Bitirme_Calismasi\scenario_b_hybrid_grid.log
    AppendLog 1
Licensee: GAMS Demo, for EULA and demo limitations see   G260130+0003Cc-GEN
          https://www.gams.com/latest/docs/UG%5FLicense.html         DC0000
          D:\GAMS\53\gamslice.txt
          47c482f4-6e50-4644
          v:2                                                              
          Demo license for demonstration and instructional purposes only
System information: 6 physical cores and 16 Gb physical memory detected
GAMS 53.5.0   Copyright (C) 1987-2026 GAMS Development. All rights reserved
--- Starting compilation
--- scenario_b_hybrid_grid.gms(3) 2 Mb
--- > scenario_common_24.gms(55) 3 Mb
--- scenario_b_hybrid_grid.gms(34) 3 Mb
--- Starting execution: elapsed 0:00:00.019
--- scenario_b_hybrid_grid.gms(58) 4 Mb
--- Generating LP model scenario_b_hybrid_grid
--- scenario_b_hybrid_grid.gms(87) 4 Mb
---   98 rows  97 columns  265 non-zeroes
--- Range statistics (absolute non-zero finite values)
--- RHS       [min, max] : [ 1.010E-02, 8.804E+00] - Zero values observed as well
--- Bound     [min, max] : [        NA,        NA] - Zero values observed as well
--- Matrix    [min, max] : [ 2.000E-01, 5.000E+00]
--- Executing CPLEX (Solvelink=2): elapsed 0:00:00.228

IBM ILOG CPLEX   53.5.0 5dc151ca May 5, 2026           WEI x86 64bit/MS Window

*** This solver runs with a demo license. No commercial use.
--- GMO setup time: 0.00s
--- GMO memory 0.52 Mb (peak 0.52 Mb)
--- Dictionary memory 0.00 Mb
--- Cplex 22.1.2.0 link memory 0.00 Mb (peak 0.01 Mb)
--- Starting Cplex

Version identifier: 22.1.2.0 | 2024-11-25 | 0edbb82fd
CPXPARAM_Advance                                 0
CPXPARAM_MIP_Display                             4
CPXPARAM_MIP_Pool_Capacity                       0
CPXPARAM_MIP_Tolerances_AbsMIPGap                0
Tried aggregator 1 time.
LP Presolve eliminated 88 rows and 65 columns.
Reduced LP has 9 rows, 32 columns, and 40 nonzeros.
Presolve time = 0.00 sec. (0.06 ticks)
Initializing dual steep norms . . .

Iteration log . . .
Iteration:     1   Dual objective     =            52.974601

--- LP status (1): optimal.
--- Cplex Time: 0.00sec (det. 0.10 ticks)


Optimal solution found
Objective:           52.974601

--- Reading solution for model scenario_b_hybrid_grid
--- Executing after solve: elapsed 0:00:00.311
--- scenario_b_hybrid_grid.gms(89) 4 Mb
*** Status: Normal completion
--- Job scenario_b_hybrid_grid.gms Stop 05/19/26 11:32:17 elapsed 0:00:00.312
