--- Job scenario_c_user_behavior.gms Start 05/19/26 11:32:17 53.5.0 5dc151ca WEX-WEI x86 64bit/MS Windows
--- Applying:
    D:\GAMS\53\gmsprmNT.txt
--- GAMS Parameters defined
    Input D:\Users\tarik\OneDrive\Desktop\Bitirme_Calismasi\scenario_c_user_behavior.gms
    ScrDir D:\Users\tarik\OneDrive\Desktop\Bitirme_Calismasi\225a\
    SysDir D:\GAMS\53\
    LogOption 2
    LogFile D:\Users\tarik\OneDrive\Desktop\Bitirme_Calismasi\scenario_c_user_behavior.log
    AppendLog 1
Licensee: GAMS Demo, for EULA and demo limitations see   G260130+0003Cc-GEN
          https://www.gams.com/latest/docs/UG%5FLicense.html         DC0000
          D:\GAMS\53\gamslice.txt
          47c482f4-6e50-4644
          v:2                                                              
          Demo license for demonstration and instructional purposes only
System information: 6 physical cores and 16 Gb physical memory detected
GAMS 53.5.0   Copyright (C) 1987-2026 GAMS Development. All rights reserved
--- Starting compilation
--- scenario_c_user_behavior.gms(157) 3 Mb
--- Starting execution: elapsed 0:00:00.029
--- scenario_c_user_behavior.gms(61) 4 Mb
--- Generating MIP model hybrid_ev
--- scenario_c_user_behavior.gms(146) 4 Mb
---   341 rows  241 columns  770 non-zeroes
---   48 discrete-columns
--- Range statistics (absolute non-zero finite values)
--- RHS       [min, max] : [ 1.010E-02, 8.850E+01] - Zero values observed as well
--- Bound     [min, max] : [ 1.000E+00, 1.000E+00] - Zero values observed as well
--- Matrix    [min, max] : [ 2.000E-01, 5.000E+00]
--- Executing CPLEX (Solvelink=2): elapsed 0:00:00.039

IBM ILOG CPLEX   53.5.0 5dc151ca May 5, 2026           WEI x86 64bit/MS Window

*** This solver runs with a demo license. No commercial use.
--- GMO setup time: 0.00s
--- Space for names approximately 0.01 Mb
--- Use option 'names no' to turn use of names off
--- GMO memory 0.57 Mb (peak 0.57 Mb)
--- Dictionary memory 0.00 Mb
--- Cplex 22.1.2.0 link memory 0.01 Mb (peak 0.04 Mb)
--- Starting Cplex

Version identifier: 22.1.2.0 | 2024-11-25 | 0edbb82fd
CPXPARAM_Advance                                 0
CPXPARAM_MIP_Display                             4
CPXPARAM_MIP_Pool_Capacity                       0
CPXPARAM_MIP_Tolerances_AbsMIPGap                0
Generic callback                                 0x50
Tried aggregator 2 times.
MIP Presolve eliminated 235 rows and 98 columns.
MIP Presolve modified 19 coefficients.
Aggregator did 52 substitutions.
Reduced MIP has 53 rows, 91 columns, and 173 nonzeros.
Reduced MIP has 9 binaries, 0 generals, 0 SOSs, and 0 indicators.
Presolve time = 0.00 sec. (0.39 ticks)
Found incumbent of value 123.813506 after 0.00 sec. (0.49 ticks)
Probing fixed 0 vars, tightened 8 bounds.
Probing time = 0.00 sec. (0.01 ticks)
Tried aggregator 1 time.
Detecting symmetries...
MIP Presolve eliminated 2 rows and 3 columns.
MIP Presolve modified 7 coefficients.
Reduced MIP has 51 rows, 88 columns, and 166 nonzeros.
Reduced MIP has 9 binaries, 0 generals, 0 SOSs, and 0 indicators.
Presolve time = 0.00 sec. (0.10 ticks)
Probing time = 0.00 sec. (0.01 ticks)
MIP emphasis: balance optimality and feasibility.
MIP search method: dynamic search.
Parallel mode: deterministic, using up to 12 threads.
Parallel mode: deterministic, using up to 2 threads for parallel tasks at root LP.
Tried aggregator 1 time.
Aggregator did 9 substitutions.
Reduced LP has 42 rows, 79 columns, and 148 nonzeros.
Presolve time = 0.00 sec. (0.05 ticks)
Initializing dual steep norms . . .

Iteration log . . .
Iteration:     1   Dual objective     =            29.714271
Initializing dual steep norms . . .

Iteration log . . .
Iteration:     1   Dual objective     =            51.170313
Root relaxation solution time = 0.00 sec. (0.19 ticks)

        Nodes                                         Cuts/
   Node  Left     Objective  IInf  Best Integer    Best Bound    ItCnt     Gap

*     0+    0                          117.4600       29.7143            74.70%
Found incumbent of value 117.460016 after 0.02 sec. (0.87 ticks)
*     0+    0                           51.1703       29.7143            41.93%
Found incumbent of value 51.170313 after 0.02 sec. (0.87 ticks)
      0     0        cutoff             51.1703       51.1703       29    0.00%
      0     0        cutoff             51.1703       51.1703       29    0.00%
Elapsed time = 0.02 sec. (0.94 ticks, tree = 0.01 MB)

Root node processing (before b&c):
  Real time             =    0.02 sec. (0.95 ticks)
Parallel b&c, 12 threads:
  Real time             =    0.00 sec. (0.00 ticks)
  Sync time (average)   =    0.00 sec.
  Wait time (average)   =    0.00 sec.
                          ------------
Total (root+branch&cut) =    0.02 sec. (0.95 ticks)

--- MIP status (101): integer optimal solution.
--- Cplex Time: 0.02sec (det. 0.95 ticks)

--- Returning a primal only solution to GAMS (marginals all set to NA).
--- Fixing integer variables and solving final LP...

Version identifier: 22.1.2.0 | 2024-11-25 | 0edbb82fd
CPXPARAM_Advance                                 2
CPXPARAM_MIP_Display                             4
CPXPARAM_MIP_Pool_Capacity                       0
CPXPARAM_MIP_Tolerances_AbsMIPGap                0
Tried aggregator 1 time.
LP Presolve eliminated 268 rows and 127 columns.
Aggregator did 40 substitutions.
Reduced LP has 32 rows, 74 columns, and 122 nonzeros.
Presolve time = 0.00 sec. (0.21 ticks)
Initializing dual steep norms . . .

Iteration log . . .
Iteration:     1   Dual objective     =            29.648004

--- Fixed MIP status (1): optimal.
--- Cplex Time: 0.00sec (det. 0.43 ticks)


Proven optimal solution
MIP Solution:           51.170313    (29 iterations, 0 nodes)
Final Solve:            51.170313    (26 iterations)

Best possible:          51.170313
Absolute gap:            0.000000
Relative gap:            0.000000

--- Reading solution for model hybrid_ev
--- Executing after solve: elapsed 0:00:00.134
--- scenario_c_user_behavior.gms(148) 4 Mb
*** Status: Normal completion
--- Job scenario_c_user_behavior.gms Stop 05/19/26 11:32:18 elapsed 0:00:00.135
